// Jest Snapshot v1, https://goo.gl/fbAQLP

exports[`SlackEvents 1`] = `
{
  "Outputs": {
    "SlackTextractSlackEventsApiEndpointDCE9D710": {
      "Value": {
        "Fn::GetAtt": [
          "SlackTextractSlackEventsSlackEventsApi117A1D5A",
          "ApiEndpoint",
        ],
      },
    },
  },
  "Parameters": {
    "BootstrapVersion": {
      "Default": "/cdk-bootstrap/hnb659fds/version",
      "Description": "Version of the CDK Bootstrap resources in this environment, automatically retrieved from SSM Parameter Store. [cdk:skip]",
      "Type": "AWS::SSM::Parameter::Value<String>",
    },
  },
  "Resources": {
    "LogRetentionaae0aa3c5b4d4f87b02d85b201efdd8aFD4BFC8A": {
      "DependsOn": [
        "LogRetentionaae0aa3c5b4d4f87b02d85b201efdd8aServiceRoleDefaultPolicyADDA7DEB",
        "LogRetentionaae0aa3c5b4d4f87b02d85b201efdd8aServiceRole9741ECFB",
      ],
      "Properties": {
        "Code": {
          "S3Bucket": {
            "Fn::Sub": "cdk-hnb659fds-assets-\${AWS::AccountId}-\${AWS::Region}",
          },
          "S3Key": "b120b13d9d868c7622e7db1b68bae4c0f82ffd0227b8c15f2cef38e186ff3827.zip",
        },
        "Handler": "index.handler",
        "Role": {
          "Fn::GetAtt": [
            "LogRetentionaae0aa3c5b4d4f87b02d85b201efdd8aServiceRole9741ECFB",
            "Arn",
          ],
        },
        "Runtime": "nodejs14.x",
      },
      "Type": "AWS::Lambda::Function",
    },
    "LogRetentionaae0aa3c5b4d4f87b02d85b201efdd8aServiceRole9741ECFB": {
      "Properties": {
        "AssumeRolePolicyDocument": {
          "Statement": [
            {
              "Action": "sts:AssumeRole",
              "Effect": "Allow",
              "Principal": {
                "Service": "lambda.amazonaws.com",
              },
            },
          ],
          "Version": "2012-10-17",
        },
        "ManagedPolicyArns": [
          {
            "Fn::Join": [
              "",
              [
                "arn:",
                {
                  "Ref": "AWS::Partition",
                },
                ":iam::aws:policy/service-role/AWSLambdaBasicExecutionRole",
              ],
            ],
          },
        ],
      },
      "Type": "AWS::IAM::Role",
    },
    "LogRetentionaae0aa3c5b4d4f87b02d85b201efdd8aServiceRoleDefaultPolicyADDA7DEB": {
      "Properties": {
        "PolicyDocument": {
          "Statement": [
            {
              "Action": [
                "logs:PutRetentionPolicy",
                "logs:DeleteRetentionPolicy",
              ],
              "Effect": "Allow",
              "Resource": "*",
            },
          ],
          "Version": "2012-10-17",
        },
        "PolicyName": "LogRetentionaae0aa3c5b4d4f87b02d85b201efdd8aServiceRoleDefaultPolicyADDA7DEB",
        "Roles": [
          {
            "Ref": "LogRetentionaae0aa3c5b4d4f87b02d85b201efdd8aServiceRole9741ECFB",
          },
        ],
      },
      "Type": "AWS::IAM::Policy",
    },
    "SlackTextractSlackEventsRuleAF3FF8E7": {
      "Properties": {
        "EventPattern": {
          "detail": {
            "event": {
              "type": [
                "file_shared",
              ],
            },
          },
          "resources": [
            "{{resolve:secretsmanager:my-slack-app:SecretString:appId::}}",
          ],
          "source": [
            "slack",
          ],
        },
        "State": "ENABLED",
        "Targets": [
          {
            "Arn": {
              "Fn::GetAtt": [
                "SlackTextracthandler2995F40C",
                "Arn",
              ],
            },
            "Id": "Target0",
            "InputPath": "$.detail.event",
          },
        ],
      },
      "Type": "AWS::Events::Rule",
    },
    "SlackTextractSlackEventsRuleAllowEventRuleSlackTextracthandlerEFD1C011BCBCE987": {
      "Properties": {
        "Action": "lambda:InvokeFunction",
        "FunctionName": {
          "Fn::GetAtt": [
            "SlackTextracthandler2995F40C",
            "Arn",
          ],
        },
        "Principal": "events.amazonaws.com",
        "SourceArn": {
          "Fn::GetAtt": [
            "SlackTextractSlackEventsRuleAF3FF8E7",
            "Arn",
          ],
        },
      },
      "Type": "AWS::Lambda::Permission",
    },
    "SlackTextractSlackEventsSlackEventsApi117A1D5A": {
      "Properties": {
        "Name": "SlackEventsApi",
        "ProtocolType": "HTTP",
      },
      "Type": "AWS::ApiGatewayV2::Api",
    },
    "SlackTextractSlackEventsSlackEventsApiDefaultRouteD66A9675": {
      "Properties": {
        "ApiId": {
          "Ref": "SlackTextractSlackEventsSlackEventsApi117A1D5A",
        },
        "AuthorizationType": "NONE",
        "RouteKey": "$default",
        "Target": {
          "Fn::Join": [
            "",
            [
              "integrations/",
              {
                "Ref": "SlackTextractSlackEventsSlackEventsApiDefaultRouteIntegration28BF6F79",
              },
            ],
          ],
        },
      },
      "Type": "AWS::ApiGatewayV2::Route",
    },
    "SlackTextractSlackEventsSlackEventsApiDefaultRouteIntegration28BF6F79": {
      "Properties": {
        "ApiId": {
          "Ref": "SlackTextractSlackEventsSlackEventsApi117A1D5A",
        },
        "IntegrationType": "AWS_PROXY",
        "IntegrationUri": {
          "Fn::GetAtt": [
            "SlackTextractSlackEventshandler91A38AF9",
            "Arn",
          ],
        },
        "PayloadFormatVersion": "2.0",
      },
      "Type": "AWS::ApiGatewayV2::Integration",
    },
    "SlackTextractSlackEventsSlackEventsApiDefaultRouteIntegrationPermissionBD5CAA88": {
      "Properties": {
        "Action": "lambda:InvokeFunction",
        "FunctionName": {
          "Fn::GetAtt": [
            "SlackTextractSlackEventshandler91A38AF9",
            "Arn",
          ],
        },
        "Principal": "apigateway.amazonaws.com",
        "SourceArn": {
          "Fn::Join": [
            "",
            [
              "arn:",
              {
                "Ref": "AWS::Partition",
              },
              ":execute-api:",
              {
                "Ref": "AWS::Region",
              },
              ":",
              {
                "Ref": "AWS::AccountId",
              },
              ":",
              {
                "Ref": "SlackTextractSlackEventsSlackEventsApi117A1D5A",
              },
              "/*/*",
            ],
          ],
        },
      },
      "Type": "AWS::Lambda::Permission",
    },
    "SlackTextractSlackEventsSlackEventsApiDefaultStageAF84557A": {
      "Properties": {
        "ApiId": {
          "Ref": "SlackTextractSlackEventsSlackEventsApi117A1D5A",
        },
        "AutoDeploy": true,
        "StageName": "$default",
      },
      "Type": "AWS::ApiGatewayV2::Stage",
    },
    "SlackTextractSlackEventshandler91A38AF9": {
      "DependsOn": [
        "SlackTextractSlackEventshandlerServiceRoleDefaultPolicyDC806BC0",
        "SlackTextractSlackEventshandlerServiceRole0F09489F",
      ],
      "Properties": {
        "Code": {
          "S3Bucket": {
            "Fn::Sub": "cdk-hnb659fds-assets-\${AWS::AccountId}-\${AWS::Region}",
          },
          "S3Key": "648e99e58fa21fc9e8e0af846d3d6330bb5d8ea10b2f4aba257b49645d5a8205.zip",
        },
        "Description": "src/slack-events/events.lambda.ts",
        "Environment": {
          "Variables": {
            "AWS_NODEJS_CONNECTION_REUSE_ENABLED": "1",
            "SLACK_SIGNING_SECRET": "{{resolve:secretsmanager:my-slack-app:SecretString:signingSecret::}}",
          },
        },
        "Handler": "index.handler",
        "Role": {
          "Fn::GetAtt": [
            "SlackTextractSlackEventshandlerServiceRole0F09489F",
            "Arn",
          ],
        },
        "Runtime": "nodejs20.x",
      },
      "Type": "AWS::Lambda::Function",
    },
    "SlackTextractSlackEventshandlerLogRetention5F25E029": {
      "Properties": {
        "LogGroupName": {
          "Fn::Join": [
            "",
            [
              "/aws/lambda/",
              {
                "Ref": "SlackTextractSlackEventshandler91A38AF9",
              },
            ],
          ],
        },
        "RetentionInDays": 30,
        "ServiceToken": {
          "Fn::GetAtt": [
            "LogRetentionaae0aa3c5b4d4f87b02d85b201efdd8aFD4BFC8A",
            "Arn",
          ],
        },
      },
      "Type": "Custom::LogRetention",
    },
    "SlackTextractSlackEventshandlerServiceRole0F09489F": {
      "Properties": {
        "AssumeRolePolicyDocument": {
          "Statement": [
            {
              "Action": "sts:AssumeRole",
              "Effect": "Allow",
              "Principal": {
                "Service": "lambda.amazonaws.com",
              },
            },
          ],
          "Version": "2012-10-17",
        },
        "ManagedPolicyArns": [
          {
            "Fn::Join": [
              "",
              [
                "arn:",
                {
                  "Ref": "AWS::Partition",
                },
                ":iam::aws:policy/service-role/AWSLambdaBasicExecutionRole",
              ],
            ],
          },
        ],
      },
      "Type": "AWS::IAM::Role",
    },
    "SlackTextractSlackEventshandlerServiceRoleDefaultPolicyDC806BC0": {
      "Properties": {
        "PolicyDocument": {
          "Statement": [
            {
              "Action": "events:PutEvents",
              "Effect": "Allow",
              "Resource": "*",
            },
          ],
          "Version": "2012-10-17",
        },
        "PolicyName": "SlackTextractSlackEventshandlerServiceRoleDefaultPolicyDC806BC0",
        "Roles": [
          {
            "Ref": "SlackTextractSlackEventshandlerServiceRole0F09489F",
          },
        ],
      },
      "Type": "AWS::IAM::Policy",
    },
    "SlackTextracthandler2995F40C": {
      "DependsOn": [
        "SlackTextracthandlerServiceRoleDefaultPolicy99C89D42",
        "SlackTextracthandlerServiceRoleF8DD11ED",
      ],
      "Properties": {
        "Code": {
          "S3Bucket": {
            "Fn::Sub": "cdk-hnb659fds-assets-\${AWS::AccountId}-\${AWS::Region}",
          },
          "S3Key": "344f2124e9ff2e0db3f22f5d14fee171e1794555b0de543e975fa648d0880c2d.zip",
        },
        "Description": "src/slack-textract/detect.lambda.ts",
        "Environment": {
          "Variables": {
            "AWS_NODEJS_CONNECTION_REUSE_ENABLED": "1",
            "SLACK_TOKEN": "{{resolve:secretsmanager:my-slack-app:SecretString:botToken::}}",
          },
        },
        "Handler": "index.handler",
        "Role": {
          "Fn::GetAtt": [
            "SlackTextracthandlerServiceRoleF8DD11ED",
            "Arn",
          ],
        },
        "Runtime": "nodejs20.x",
        "Timeout": 30,
      },
      "Type": "AWS::Lambda::Function",
    },
    "SlackTextracthandlerLogRetention598DDFA9": {
      "Properties": {
        "LogGroupName": {
          "Fn::Join": [
            "",
            [
              "/aws/lambda/",
              {
                "Ref": "SlackTextracthandler2995F40C",
              },
            ],
          ],
        },
        "RetentionInDays": 30,
        "ServiceToken": {
          "Fn::GetAtt": [
            "LogRetentionaae0aa3c5b4d4f87b02d85b201efdd8aFD4BFC8A",
            "Arn",
          ],
        },
      },
      "Type": "Custom::LogRetention",
    },
    "SlackTextracthandlerServiceRoleDefaultPolicy99C89D42": {
      "Properties": {
        "PolicyDocument": {
          "Statement": [
            {
              "Action": "textract:DetectDocumentText",
              "Effect": "Allow",
              "Resource": "*",
            },
          ],
          "Version": "2012-10-17",
        },
        "PolicyName": "SlackTextracthandlerServiceRoleDefaultPolicy99C89D42",
        "Roles": [
          {
            "Ref": "SlackTextracthandlerServiceRoleF8DD11ED",
          },
        ],
      },
      "Type": "AWS::IAM::Policy",
    },
    "SlackTextracthandlerServiceRoleF8DD11ED": {
      "Properties": {
        "AssumeRolePolicyDocument": {
          "Statement": [
            {
              "Action": "sts:AssumeRole",
              "Effect": "Allow",
              "Principal": {
                "Service": "lambda.amazonaws.com",
              },
            },
          ],
          "Version": "2012-10-17",
        },
        "ManagedPolicyArns": [
          {
            "Fn::Join": [
              "",
              [
                "arn:",
                {
                  "Ref": "AWS::Partition",
                },
                ":iam::aws:policy/service-role/AWSLambdaBasicExecutionRole",
              ],
            ],
          },
        ],
      },
      "Type": "AWS::IAM::Role",
    },
  },
  "Rules": {
    "CheckBootstrapVersion": {
      "Assertions": [
        {
          "Assert": {
            "Fn::Not": [
              {
                "Fn::Contains": [
                  [
                    "1",
                    "2",
                    "3",
                    "4",
                    "5",
                  ],
                  {
                    "Ref": "BootstrapVersion",
                  },
                ],
              },
            ],
          },
          "AssertDescription": "CDK bootstrap stack version 6 required. Please run 'cdk bootstrap' with a recent version of the CDK CLI.",
        },
      ],
    },
  },
}
`;
